Scheduler started. Waiting for next Friday 09:00...
[2025-09-26 09:37:41.946461] Running scheduled job...
Scraping We Work Remotely (Full-Stack category)...
Traceback (most recent call last):
  File "/Library/Frameworks/Python.framework/Versions/3.10/lib/python3.10/site-packages/urllib3/connection.py", line 174, in _new_conn
    conn = connection.create_connection(
  File "/Library/Frameworks/Python.framework/Versions/3.10/lib/python3.10/site-packages/urllib3/util/connection.py", line 72, in create_connection
    for res in socket.getaddrinfo(host, port, family, socket.SOCK_STREAM):
  File "/Library/Frameworks/Python.framework/Versions/3.10/lib/python3.10/socket.py", line 955, in getaddrinfo
    for res in _socket.getaddrinfo(host, port, family, type, proto, flags):
socket.gaierror: [Errno 8] nodename nor servname provided, or not known

During handling of the above exception, another exception occurred:

Traceback (most recent call last):
  File "/Library/Frameworks/Python.framework/Versions/3.10/lib/python3.10/site-packages/urllib3/connectionpool.py", line 703, in urlopen
    httplib_response = self._make_request(
  File "/Library/Frameworks/Python.framework/Versions/3.10/lib/python3.10/site-packages/urllib3/connectionpool.py", line 386, in _make_request
    self._validate_conn(conn)
  File "/Library/Frameworks/Python.framework/Versions/3.10/lib/python3.10/site-packages/urllib3/connectionpool.py", line 1042, in _validate_conn
    conn.connect()
  File "/Library/Frameworks/Python.framework/Versions/3.10/lib/python3.10/site-packages/urllib3/connection.py", line 358, in connect
    self.sock = conn = self._new_conn()
  File "/Library/Frameworks/Python.framework/Versions/3.10/lib/python3.10/site-packages/urllib3/connection.py", line 186, in _new_conn
    raise NewConnectionError(
urllib3.exceptions.NewConnectionError: <urllib3.connection.HTTPSConnection object at 0x1360ec070>: Failed to establish a new connection: [Errno 8] nodename nor servname provided, or not known

During handling of the above exception, another exception occurred:

Traceback (most recent call last):
  File "/Library/Frameworks/Python.framework/Versions/3.10/lib/python3.10/site-packages/requests/adapters.py", line 489, in send
    resp = conn.urlopen(
  File "/Library/Frameworks/Python.framework/Versions/3.10/lib/python3.10/site-packages/urllib3/connectionpool.py", line 787, in urlopen
    retries = retries.increment(
  File "/Library/Frameworks/Python.framework/Versions/3.10/lib/python3.10/site-packages/urllib3/util/retry.py", line 592, in increment
    raise MaxRetryError(_pool, url, error or ResponseError(cause))
urllib3.exceptions.MaxRetryError: HTTPSConnectionPool(host='weworkremotely.com', port=443): Max retries exceeded with url: /categories/remote-full-stack-programming-jobs (Caused by NewConnectionError('<urllib3.connection.HTTPSConnection object at 0x1360ec070>: Failed to establish a new connection: [Errno 8] nodename nor servname provided, or not known'))

During handling of the above exception, another exception occurred:

Traceback (most recent call last):
  File "/Users/britneypetrova/Desktop/projects/job-postings-scraper/scheduler.py", line 42, in <module>
    run_scheduler()
  File "/Users/britneypetrova/Desktop/projects/job-postings-scraper/scheduler.py", line 35, in run_scheduler
    schedule.run_pending()
  File "/Library/Frameworks/Python.framework/Versions/3.10/lib/python3.10/site-packages/schedule/__init__.py", line 854, in run_pending
    default_scheduler.run_pending()
  File "/Library/Frameworks/Python.framework/Versions/3.10/lib/python3.10/site-packages/schedule/__init__.py", line 101, in run_pending
    self._run_job(job)
  File "/Library/Frameworks/Python.framework/Versions/3.10/lib/python3.10/site-packages/schedule/__init__.py", line 173, in _run_job
    ret = job.run()
  File "/Library/Frameworks/Python.framework/Versions/3.10/lib/python3.10/site-packages/schedule/__init__.py", line 691, in run
    ret = self.job_func()
  File "/Users/britneypetrova/Desktop/projects/job-postings-scraper/scheduler.py", line 20, in job
    main()  # main() already scrapes and sends the email
  File "/Users/britneypetrova/Desktop/projects/job-postings-scraper/main.py", line 25, in main
    jobs = scrape_category(CATEGORY_URL)
  File "/Users/britneypetrova/Desktop/projects/job-postings-scraper/scraper/scraper.py", line 49, in scrape_category
    response = requests.get(category_url, headers=HEADERS)
  File "/Library/Frameworks/Python.framework/Versions/3.10/lib/python3.10/site-packages/requests/api.py", line 73, in get
    return request("get", url, params=params, **kwargs)
  File "/Library/Frameworks/Python.framework/Versions/3.10/lib/python3.10/site-packages/requests/api.py", line 59, in request
    return session.request(method=method, url=url, **kwargs)
  File "/Library/Frameworks/Python.framework/Versions/3.10/lib/python3.10/site-packages/requests/sessions.py", line 587, in request
    resp = self.send(prep, **send_kwargs)
  File "/Library/Frameworks/Python.framework/Versions/3.10/lib/python3.10/site-packages/requests/sessions.py", line 701, in send
    r = adapter.send(request, **kwargs)
  File "/Library/Frameworks/Python.framework/Versions/3.10/lib/python3.10/site-packages/requests/adapters.py", line 565, in send
    raise ConnectionError(e, request=request)
requests.exceptions.ConnectionError: HTTPSConnectionPool(host='weworkremotely.com', port=443): Max retries exceeded with url: /categories/remote-full-stack-programming-jobs (Caused by NewConnectionError('<urllib3.connection.HTTPSConnection object at 0x1360ec070>: Failed to establish a new connection: [Errno 8] nodename nor servname provided, or not known'))
